// Jest Snapshot v1, https://goo.gl/fbAQLP

exports[`SummaryHeader should render correctly 1`] = `
<div
  className="menu-summary"
>
  <div
    className="container"
  >
    <div
      className="row"
    >
      <div
        className="col-6 menu-summary-left"
      >
        <span>
          0
           items
        </span>
      </div>
      <div
        className="col-6 menu-summary-right"
      />
    </div>
  </div>
</div>
`;
