// Jest Snapshot v1, https://goo.gl/fbAQLP

exports[`App renders correctly 1`] = `
<div
  className="wrapper"
>
  <SummaryHeader
    items={Array []}
  />
  <div
    className="container menu-builder"
  >
    <div
      className="row"
    >
      <Items
        items={Array []}
      />
      <Preview />
    </div>
  </div>
</div>
`;
